******************************************************************************
                  MSP430 Linker PC v20.2.1                     
******************************************************************************
>> Linked Fri Jun  5 15:41:53 2020

OUTPUT FILE NAME:   <Speed_Detect.out>
ENTRY POINT SYMBOL: "_c_int00_noargs"  address: 0000d08a


MEMORY CONFIGURATION

         name            origin    length      used     unused   attr    fill
----------------------  --------  ---------  --------  --------  ----  --------
  SFR                   00000000   00000010  00000000  00000010  RWIX
  PERIPHERALS_8BIT      00000010   000000f0  00000000  000000f0  RWIX
  PERIPHERALS_16BIT     00000100   00000100  00000000  00000100  RWIX
  RAM                   00000200   00000200  00000074  0000018c  RWIX
  INFOD                 00001000   00000040  00000000  00000040  RWIX
  INFOC                 00001040   00000040  00000000  00000040  RWIX
  INFOB                 00001080   00000040  00000000  00000040  RWIX
  INFOA                 000010c0   00000040  00000000  00000040  RWIX
  FLASH                 0000c000   00003fde  000011c0  00002e1e  RWIX
  BSLSIGNATURE          0000ffde   00000002  00000002  00000000  RWIX  ffff 
  INT00                 0000ffe0   00000002  00000002  00000000  RWIX
  INT01                 0000ffe2   00000002  00000000  00000002  RWIX
  INT02                 0000ffe4   00000002  00000002  00000000  RWIX
  INT03                 0000ffe6   00000002  00000002  00000000  RWIX
  INT04                 0000ffe8   00000002  00000000  00000002  RWIX
  INT05                 0000ffea   00000002  00000002  00000000  RWIX
  INT06                 0000ffec   00000002  00000002  00000000  RWIX
  INT07                 0000ffee   00000002  00000002  00000000  RWIX
  INT08                 0000fff0   00000002  00000002  00000000  RWIX
  INT09                 0000fff2   00000002  00000002  00000000  RWIX
  INT10                 0000fff4   00000002  00000002  00000000  RWIX
  INT11                 0000fff6   00000002  00000002  00000000  RWIX
  INT12                 0000fff8   00000002  00000002  00000000  RWIX
  INT13                 0000fffa   00000002  00000002  00000000  RWIX
  INT14                 0000fffc   00000002  00000002  00000000  RWIX
  RESET                 0000fffe   00000002  00000002  00000000  RWIX


SECTION ALLOCATION MAP

 output                                  attributes/
section   page    origin      length       input sections
--------  ----  ----------  ----------   ----------------
.data      0    00000200    00000022     UNINITIALIZED
                  00000200    00000010     LCD_128.obj (.data:LCD_Buffer)
                  00000210    0000000a     main.obj (.data)
                  0000021a    00000004     TCA6416A.obj (.data)
                  0000021e    00000004     main.obj (.data:dis_buf)

.bss       0    00000222    00000002     UNINITIALIZED
                  00000222    00000002     (.common:xiaoshu)

.stack     0    000003b0    00000050     UNINITIALIZED
                  000003b0    00000002     rts430_eabi.lib : boot.c.obj (.stack)
                  000003b2    0000004e     --HOLE--

.text      0    0000c000    0000119e     
                  0000c000    0000053a     LCD_128.obj (.text:LCD_DisplayDigit)
                  0000c53a    00000138     main.obj (.text:Display)
                  0000c672    00000132     rts430_eabi.lib : fs_add.asm.obj (.text)
                  0000c7a4    000000e4     HT1621.obj (.text:HT1621_init)
                  0000c888    000000c4     rts430_eabi.lib : fs_mpy.asm.obj (.text)
                  0000c94c    000000b4     TCA6416A.obj (.text:PinOUT)
                  0000ca00    0000009e     main.obj (.text:P11_Onclick)
                  0000ca9e    0000009c     rts430_eabi.lib : fs_div.asm.obj (.text)
                  0000cb3a    00000088     HT1621.obj (.text:HT1621_Reflash)
                  0000cbc2    0000007c     rts430_eabi.lib : copy_decompress_lzss.c.obj (.text:decompress:lzss:__TI_decompress_lzss)
                  0000cc3e    0000006e     TCA6416A.obj (.text:TCA6416A_Init)
                  0000ccac    00000056     I2C.obj (.text:Send_Char)
                  0000cd02    0000004c     rts430_eabi.lib : lsr16.asm.obj (.text)
                  0000cd4e    0000004a                     : fs_ltof.asm.obj (.text)
                  0000cd98    00000046                     : fs_tou.asm.obj (.text)
                  0000cdde    00000042                     : autoinit.c.obj (.text:__TI_auto_init_nobinit_nopinit:__TI_auto_init_nobinit_nopinit)
                  0000ce20    00000036     HT1621.obj (.text:HT1621_SendBit)
                  0000ce56    00000036     I2C.obj (.text:I2C_TxFrame)
                  0000ce8c    00000034     BCSplus_init.obj (.text:BCSplus_graceInit)
                  0000cec0    0000002c     rts430_eabi.lib : asr16.asm.obj (.text)
                  0000ceec    0000002c                     : div16s.asm.obj (.text)
                  0000cf18    0000002c                     : lsl16.asm.obj (.text)
                  0000cf44    00000028     main.obj (.text:TIMER0_A0)
                  0000cf6c    00000028     main.obj (.text:TIMER1_A1)
                  0000cf94    00000026     I2C.obj (.text:Start)
                  0000cfba    00000026     I2C.obj (.text:Stop)
                  0000cfe0    00000026     main.obj (.text:main)
                  0000d006    00000024     main.obj (.text:PORT1_ISR)
                  0000d02a    00000024     rts430_eabi.lib : fs_utof.asm.obj (.text)
                  0000d04e    0000001e     I2C.obj (.text:I2C_Init)
                  0000d06c    0000001e     LCD_128.obj (.text:LCD_DisplaySeg)
                  0000d08a    0000001c     rts430_eabi.lib : boot.c.obj (.text:_c_int00_noargs)
                  0000d0a6    00000018     TCA6416A.obj (.text:TCA6416_Tx_Frame)
                  0000d0be    00000016     main.obj (.text:GPIO_init)
                  0000d0d4    00000016     LCD_128.obj (.text:LCD_Clear)
                  0000d0ea    00000016     rts430_eabi.lib : div16u.asm.obj (.text)
                  0000d100    00000014                     : copy_zero_init.c.obj (.text:decompress:ZI:__TI_zero_init_nomemset:__TI_zero_init_nomemset)
                  0000d114    00000014                     : memset.c.obj (.text:memset)
                  0000d128    00000012                     : copy_decompress_none.c.obj (.text:decompress:none:__TI_decompress_none)
                  0000d13a    00000012                     : memcpy.c.obj (.text:memcpy)
                  0000d14c    00000010                     : epilog.asm.obj (.text)
                  0000d15c    0000000e     main.obj (.text:Timer0_init)
                  0000d16a    0000000a     main.obj (.text:Timer1_ISR)
                  0000d174    00000008     main.obj (.text:Timer1_init)
                  0000d17c    00000008     rts430_eabi.lib : isr_trap.asm.obj (.text:_isr:__TI_ISR_TRAP)
                  0000d184    00000006     main.obj (.text:Timer0_ISR)
                  0000d18a    00000006     main.obj (.text:Timer1_stop)
                  0000d190    00000006     rts430_eabi.lib : exit.c.obj (.text:abort)
                  0000d196    00000004                     : pre_init.c.obj (.text:_system_pre_init)
                  0000d19a    00000002     I2C.obj (.text:I2C_Tx_Init)
                  0000d19c    00000002     rts430_eabi.lib : startup.c.obj (.text:_system_post_cinit)

.const     0    0000d19e    00000004     
                  0000d19e    00000004     main.obj (.const)

.cinit     0    0000d1a2    0000001e     
                  0000d1a2    0000000c     (.cinit..data.load) [load image, compression = lzss]
                  0000d1ae    00000006     (__TI_handler_table)
                  0000d1b4    00000004     (.cinit..bss.load) [load image, compression = zero_init]
                  0000d1b8    00000008     (__TI_cinit_table)

.binit     0    0000c000    00000000     

.init_array 
*          0    0000c000    00000000     UNINITIALIZED

TRAPINT    0    0000ffe0    00000002     
                  0000ffe0    00000002     rts430_eabi.lib : int00.asm.obj (.int00)

PORT1      0    0000ffe4    00000002     
                  0000ffe4    00000002     main.obj (.int02)

PORT2      0    0000ffe6    00000002     
                  0000ffe6    00000002     rts430_eabi.lib : int03.asm.obj (.int03)

ADC10      0    0000ffea    00000002     
                  0000ffea    00000002     rts430_eabi.lib : int05.asm.obj (.int05)

USCIAB0TX 
*          0    0000ffec    00000002     
                  0000ffec    00000002     rts430_eabi.lib : int06.asm.obj (.int06)

USCIAB0RX 
*          0    0000ffee    00000002     
                  0000ffee    00000002     rts430_eabi.lib : int07.asm.obj (.int07)

TIMER0_A1 
*          0    0000fff0    00000002     
                  0000fff0    00000002     main.obj (.int08)

TIMER0_A0 
*          0    0000fff2    00000002     
                  0000fff2    00000002     rts430_eabi.lib : int09.asm.obj (.int09)

WDT        0    0000fff4    00000002     
                  0000fff4    00000002     rts430_eabi.lib : int10.asm.obj (.int10)

COMPARATORA 
*          0    0000fff6    00000002     
                  0000fff6    00000002     rts430_eabi.lib : int11.asm.obj (.int11)

TIMER1_A1 
*          0    0000fff8    00000002     
                  0000fff8    00000002     main.obj (.int12)

TIMER1_A0 
*          0    0000fffa    00000002     
                  0000fffa    00000002     rts430_eabi.lib : int13.asm.obj (.int13)

NMI        0    0000fffc    00000002     
                  0000fffc    00000002     rts430_eabi.lib : int14.asm.obj (.int14)

.reset     0    0000fffe    00000002     
                  0000fffe    00000002     rts430_eabi.lib : boot.c.obj (.reset)

$fill000   0    0000ffde    00000002     
                  0000ffde    00000002     --HOLE-- [fill = ffff]

MODULE SUMMARY

       Module                       code   ro data   rw data
       ------                       ----   -------   -------
    .\
       main.obj                     690    10        16     
    +--+----------------------------+------+---------+---------+
       Total:                       690    10        16     
                                                            
    .\src\
       LCD_128.obj                  1390   0         16     
       HT1621.obj                   418    0         0      
       TCA6416A.obj                 314    0         4      
       I2C.obj                      248    0         0      
       BCSplus_init.obj             52     0         0      
    +--+----------------------------+------+---------+---------+
       Total:                       2422   0         20     
                                                            
    C:\ti\ccs930\ccs\tools\compiler\ti-cgt-msp430_20.2.1.LTS\lib\rts430_eabi.lib
       fs_add.asm.obj               306    0         0      
       fs_mpy.asm.obj               196    0         0      
       fs_div.asm.obj               156    0         0      
       copy_decompress_lzss.c.obj   124    0         0      
       lsr16.asm.obj                76     0         0      
       fs_ltof.asm.obj              74     0         0      
       fs_tou.asm.obj               70     0         0      
       autoinit.c.obj               66     0         0      
       asr16.asm.obj                44     0         0      
       div16s.asm.obj               44     0         0      
       lsl16.asm.obj                44     0         0      
       fs_utof.asm.obj              36     0         0      
       boot.c.obj                   28     2         0      
       div16u.asm.obj               22     0         0      
       copy_zero_init.c.obj         20     0         0      
       memset.c.obj                 20     0         0      
       copy_decompress_none.c.obj   18     0         0      
       memcpy.c.obj                 18     0         0      
       epilog.asm.obj               16     0         0      
       isr_trap.asm.obj             8      0         0      
       exit.c.obj                   6      0         0      
       pre_init.c.obj               4      0         0      
       int00.asm.obj                0      2         0      
       int03.asm.obj                0      2         0      
       int05.asm.obj                0      2         0      
       int06.asm.obj                0      2         0      
       int07.asm.obj                0      2         0      
       int09.asm.obj                0      2         0      
       int10.asm.obj                0      2         0      
       int11.asm.obj                0      2         0      
       int13.asm.obj                0      2         0      
       int14.asm.obj                0      2         0      
       startup.c.obj                2      0         0      
    +--+----------------------------+------+---------+---------+
       Total:                       1398   22        0      
                                                            
       Stack:                       0      0         80     
       Linker Generated:            0      30        0      
    +--+----------------------------+------+---------+---------+
       Grand Total:                 4510   62        116    


LINKER GENERATED COPY TABLES

__TI_cinit_table @ 0000d1b8 records: 2, size/record: 4, table size: 8
	.data: load addr=0000d1a2, load size=0000000c bytes, run addr=00000200, run size=00000022 bytes, compression=lzss
	.bss: load addr=0000d1b4, load size=00000004 bytes, run addr=00000222, run size=00000002 bytes, compression=zero_init


LINKER GENERATED HANDLER TABLE

__TI_handler_table @ 0000d1ae records: 3, size/record: 2, table size: 6
	index: 0, handler: __TI_zero_init
	index: 1, handler: __TI_decompress_lzss
	index: 2, handler: __TI_decompress_none


GLOBAL SYMBOLS: SORTED ALPHABETICALLY BY Name 

address   name                          
-------   ----                          
0000004a  ADC10AE0                      
000001b0  ADC10CTL0                     
000001b2  ADC10CTL1                     
00000048  ADC10DTC0                     
00000049  ADC10DTC1                     
000001b4  ADC10MEM                      
000001bc  ADC10SA                       
00000057  BCSCTL1                       
00000058  BCSCTL2                       
00000053  BCSCTL3                       
0000ce8c  BCSplus_graceInit             
0000d190  C$$EXIT                       
00000059  CACTL1                        
0000005a  CACTL2                        
000010fb  CALBC1_12MHZ                  
000010f9  CALBC1_16MHZ                  
000010ff  CALBC1_1MHZ                   
000010fd  CALBC1_8MHZ                   
000010fa  CALDCO_12MHZ                  
000010f8  CALDCO_16MHZ                  
000010fe  CALDCO_1MHZ                   
000010fc  CALDCO_8MHZ                   
0000005b  CAPD                          
00000056  DCOCTL                        
0000c53a  Display                       
00000128  FCTL1                         
0000012a  FCTL2                         
0000012c  FCTL3                         
0000d0be  GPIO_init                     
0000cb3a  HT1621_Reflash                
0000ce20  HT1621_SendBit                
0000c7a4  HT1621_init                   
0000d04e  I2C_Init                      
0000ce56  I2C_TxFrame                   
0000d19a  I2C_Tx_Init                   
00000000  IE1                           
00000001  IE2                           
00000002  IFG1                          
00000003  IFG2                          
00000200  LCD_Buffer                    
0000d0d4  LCD_Clear                     
0000c000  LCD_DisplayDigit              
0000d06c  LCD_DisplaySeg                
0000ca00  P11_Onclick                   
00000022  P1DIR                         
00000025  P1IE                          
00000024  P1IES                         
00000023  P1IFG                         
00000020  P1IN                          
00000021  P1OUT                         
00000027  P1REN                         
00000026  P1SEL                         
00000041  P1SEL2                        
0000ca00  P1_IODect                     
0000002a  P2DIR                         
0000002d  P2IE                          
0000002c  P2IES                         
0000002b  P2IFG                         
00000028  P2IN                          
00000029  P2OUT                         
0000002f  P2REN                         
0000002e  P2SEL                         
00000042  P2SEL2                        
0000001a  P3DIR                         
00000018  P3IN                          
00000019  P3OUT                         
00000010  P3REN                         
0000001b  P3SEL                         
00000043  P3SEL2                        
0000d006  PORT1_ISR                     
0000c94c  PinOUT                        
0000ccac  Send_Char                     
0000cf94  Start                         
0000cfba  Stop                          
00000172  TA0CCR0                       
00000174  TA0CCR1                       
00000176  TA0CCR2                       
00000162  TA0CCTL0                      
00000164  TA0CCTL1                      
00000166  TA0CCTL2                      
00000160  TA0CTL                        
0000012e  TA0IV                         
00000170  TA0R                          
00000192  TA1CCR0                       
00000194  TA1CCR1                       
00000196  TA1CCR2                       
00000182  TA1CCTL0                      
00000184  TA1CCTL1                      
00000186  TA1CCTL2                      
00000180  TA1CTL                        
0000011e  TA1IV                         
00000190  TA1R                          
0000cc3e  TCA6416A_Init                 
0000021a  TCA6416A_InputBuffer          
0000d0a6  TCA6416_Tx_Frame              
0000cf44  TIMER0_A0                     
0000cf6c  TIMER1_A1                     
000010db  TLV_ADC10_1_LEN               
000010da  TLV_ADC10_1_TAG               
000010c0  TLV_CHECKSUM                  
000010f7  TLV_DCO_30_LEN                
000010f6  TLV_DCO_30_TAG                
0000d184  Timer0_ISR                    
0000d15c  Timer0_init                   
0000d16a  Timer1_ISR                    
0000d174  Timer1_init                   
0000d18a  Timer1_stop                   
0000005d  UCA0ABCTL                     
00000062  UCA0BR0                       
00000063  UCA0BR1                       
00000060  UCA0CTL0                      
00000061  UCA0CTL1                      
0000005f  UCA0IRRCTL                    
0000005e  UCA0IRTCTL                    
00000064  UCA0MCTL                      
00000066  UCA0RXBUF                     
00000065  UCA0STAT                      
00000067  UCA0TXBUF                     
0000006a  UCB0BR0                       
0000006b  UCB0BR1                       
00000068  UCB0CTL0                      
00000069  UCB0CTL1                      
0000006c  UCB0I2CIE                     
00000118  UCB0I2COA                     
0000011a  UCB0I2CSA                     
0000006e  UCB0RXBUF                     
0000006d  UCB0STAT                      
0000006f  UCB0TXBUF                     
00000120  WDTCTL                        
00000400  __STACK_END                   
00000050  __STACK_SIZE                  
0000d1b8  __TI_CINIT_Base               
0000d1c0  __TI_CINIT_Limit              
0000d1ae  __TI_Handler_Table_Base       
0000d1b4  __TI_Handler_Table_Limit      
0000d17c  __TI_ISR_TRAP                 
0000cdde  __TI_auto_init_nobinit_nopinit
0000cbc2  __TI_decompress_lzss          
0000d128  __TI_decompress_none          
0000ffe0  __TI_int00                    
0000ffe4  __TI_int02                    
0000ffe6  __TI_int03                    
0000ffea  __TI_int05                    
0000ffec  __TI_int06                    
0000ffee  __TI_int07                    
0000fff0  __TI_int08                    
0000fff2  __TI_int09                    
0000fff4  __TI_int10                    
0000fff6  __TI_int11                    
0000fff8  __TI_int12                    
0000fffa  __TI_int13                    
0000fffc  __TI_int14                    
ffffffff  __TI_pprof_out_hndl           
ffffffff  __TI_prof_data_size           
ffffffff  __TI_prof_data_start          
0000d100  __TI_zero_init_nomemset       
ffffffff  __c_args__                    
0000c678  __mspabi_addf                 
0000ca9e  __mspabi_divf                 
0000ceec  __mspabi_divi                 
0000d0ea  __mspabi_divu                 
0000cd98  __mspabi_fixfu                
0000cd4e  __mspabi_fltlif               
0000d02a  __mspabi_fltuf                
0000d158  __mspabi_func_epilog_1        
0000d156  __mspabi_func_epilog_2        
0000d154  __mspabi_func_epilog_3        
0000d152  __mspabi_func_epilog_4        
0000d150  __mspabi_func_epilog_5        
0000d14e  __mspabi_func_epilog_6        
0000d14c  __mspabi_func_epilog_7        
0000c888  __mspabi_mpyf                 
0000ceec  __mspabi_remi                 
0000d0ea  __mspabi_remu                 
0000cf18  __mspabi_slli                 
0000cf40  __mspabi_slli_1               
0000cf2e  __mspabi_slli_10              
0000cf2c  __mspabi_slli_11              
0000cf2a  __mspabi_slli_12              
0000cf28  __mspabi_slli_13              
0000cf26  __mspabi_slli_14              
0000cf24  __mspabi_slli_15              
0000cf3e  __mspabi_slli_2               
0000cf3c  __mspabi_slli_3               
0000cf3a  __mspabi_slli_4               
0000cf38  __mspabi_slli_5               
0000cf36  __mspabi_slli_6               
0000cf34  __mspabi_slli_7               
0000cf32  __mspabi_slli_8               
0000cf30  __mspabi_slli_9               
0000cec0  __mspabi_srai                 
0000cee8  __mspabi_srai_1               
0000ced6  __mspabi_srai_10              
0000ced4  __mspabi_srai_11              
0000ced2  __mspabi_srai_12              
0000ced0  __mspabi_srai_13              
0000cece  __mspabi_srai_14              
0000cecc  __mspabi_srai_15              
0000cee6  __mspabi_srai_2               
0000cee4  __mspabi_srai_3               
0000cee2  __mspabi_srai_4               
0000cee0  __mspabi_srai_5               
0000cede  __mspabi_srai_6               
0000cedc  __mspabi_srai_7               
0000ceda  __mspabi_srai_8               
0000ced8  __mspabi_srai_9               
0000cd02  __mspabi_srli                 
0000cd48  __mspabi_srli_1               
0000cd24  __mspabi_srli_10              
0000cd20  __mspabi_srli_11              
0000cd1c  __mspabi_srli_12              
0000cd18  __mspabi_srli_13              
0000cd14  __mspabi_srli_14              
0000cd10  __mspabi_srli_15              
0000cd44  __mspabi_srli_2               
0000cd40  __mspabi_srli_3               
0000cd3c  __mspabi_srli_4               
0000cd38  __mspabi_srli_5               
0000cd34  __mspabi_srli_6               
0000cd30  __mspabi_srli_7               
0000cd2c  __mspabi_srli_8               
0000cd28  __mspabi_srli_9               
0000c672  __mspabi_subf                 
0000d08a  _c_int00_noargs               
0000fffe  _reset_vector                 
000003b0  _stack                        
0000d19c  _system_post_cinit            
0000d196  _system_pre_init              
0000d190  abort                         
0000021e  dis_buf                       
0000cfe0  main                          
0000d13a  memcpy                        
0000d114  memset                        
00000213  overflow_times                
00000212  show_flag                     
00000210  speed                         
00000222  xiaoshu                       


GLOBAL SYMBOLS: SORTED BY Symbol Address 

address   name                          
-------   ----                          
00000000  IE1                           
00000001  IE2                           
00000002  IFG1                          
00000003  IFG2                          
00000010  P3REN                         
00000018  P3IN                          
00000019  P3OUT                         
0000001a  P3DIR                         
0000001b  P3SEL                         
00000020  P1IN                          
00000021  P1OUT                         
00000022  P1DIR                         
00000023  P1IFG                         
00000024  P1IES                         
00000025  P1IE                          
00000026  P1SEL                         
00000027  P1REN                         
00000028  P2IN                          
00000029  P2OUT                         
0000002a  P2DIR                         
0000002b  P2IFG                         
0000002c  P2IES                         
0000002d  P2IE                          
0000002e  P2SEL                         
0000002f  P2REN                         
00000041  P1SEL2                        
00000042  P2SEL2                        
00000043  P3SEL2                        
00000048  ADC10DTC0                     
00000049  ADC10DTC1                     
0000004a  ADC10AE0                      
00000050  __STACK_SIZE                  
00000053  BCSCTL3                       
00000056  DCOCTL                        
00000057  BCSCTL1                       
00000058  BCSCTL2                       
00000059  CACTL1                        
0000005a  CACTL2                        
0000005b  CAPD                          
0000005d  UCA0ABCTL                     
0000005e  UCA0IRTCTL                    
0000005f  UCA0IRRCTL                    
00000060  UCA0CTL0                      
00000061  UCA0CTL1                      
00000062  UCA0BR0                       
00000063  UCA0BR1                       
00000064  UCA0MCTL                      
00000065  UCA0STAT                      
00000066  UCA0RXBUF                     
00000067  UCA0TXBUF                     
00000068  UCB0CTL0                      
00000069  UCB0CTL1                      
0000006a  UCB0BR0                       
0000006b  UCB0BR1                       
0000006c  UCB0I2CIE                     
0000006d  UCB0STAT                      
0000006e  UCB0RXBUF                     
0000006f  UCB0TXBUF                     
00000118  UCB0I2COA                     
0000011a  UCB0I2CSA                     
0000011e  TA1IV                         
00000120  WDTCTL                        
00000128  FCTL1                         
0000012a  FCTL2                         
0000012c  FCTL3                         
0000012e  TA0IV                         
00000160  TA0CTL                        
00000162  TA0CCTL0                      
00000164  TA0CCTL1                      
00000166  TA0CCTL2                      
00000170  TA0R                          
00000172  TA0CCR0                       
00000174  TA0CCR1                       
00000176  TA0CCR2                       
00000180  TA1CTL                        
00000182  TA1CCTL0                      
00000184  TA1CCTL1                      
00000186  TA1CCTL2                      
00000190  TA1R                          
00000192  TA1CCR0                       
00000194  TA1CCR1                       
00000196  TA1CCR2                       
000001b0  ADC10CTL0                     
000001b2  ADC10CTL1                     
000001b4  ADC10MEM                      
000001bc  ADC10SA                       
00000200  LCD_Buffer                    
00000210  speed                         
00000212  show_flag                     
00000213  overflow_times                
0000021a  TCA6416A_InputBuffer          
0000021e  dis_buf                       
00000222  xiaoshu                       
000003b0  _stack                        
00000400  __STACK_END                   
000010c0  TLV_CHECKSUM                  
000010da  TLV_ADC10_1_TAG               
000010db  TLV_ADC10_1_LEN               
000010f6  TLV_DCO_30_TAG                
000010f7  TLV_DCO_30_LEN                
000010f8  CALDCO_16MHZ                  
000010f9  CALBC1_16MHZ                  
000010fa  CALDCO_12MHZ                  
000010fb  CALBC1_12MHZ                  
000010fc  CALDCO_8MHZ                   
000010fd  CALBC1_8MHZ                   
000010fe  CALDCO_1MHZ                   
000010ff  CALBC1_1MHZ                   
0000c000  LCD_DisplayDigit              
0000c53a  Display                       
0000c672  __mspabi_subf                 
0000c678  __mspabi_addf                 
0000c7a4  HT1621_init                   
0000c888  __mspabi_mpyf                 
0000c94c  PinOUT                        
0000ca00  P11_Onclick                   
0000ca00  P1_IODect                     
0000ca9e  __mspabi_divf                 
0000cb3a  HT1621_Reflash                
0000cbc2  __TI_decompress_lzss          
0000cc3e  TCA6416A_Init                 
0000ccac  Send_Char                     
0000cd02  __mspabi_srli                 
0000cd10  __mspabi_srli_15              
0000cd14  __mspabi_srli_14              
0000cd18  __mspabi_srli_13              
0000cd1c  __mspabi_srli_12              
0000cd20  __mspabi_srli_11              
0000cd24  __mspabi_srli_10              
0000cd28  __mspabi_srli_9               
0000cd2c  __mspabi_srli_8               
0000cd30  __mspabi_srli_7               
0000cd34  __mspabi_srli_6               
0000cd38  __mspabi_srli_5               
0000cd3c  __mspabi_srli_4               
0000cd40  __mspabi_srli_3               
0000cd44  __mspabi_srli_2               
0000cd48  __mspabi_srli_1               
0000cd4e  __mspabi_fltlif               
0000cd98  __mspabi_fixfu                
0000cdde  __TI_auto_init_nobinit_nopinit
0000ce20  HT1621_SendBit                
0000ce56  I2C_TxFrame                   
0000ce8c  BCSplus_graceInit             
0000cec0  __mspabi_srai                 
0000cecc  __mspabi_srai_15              
0000cece  __mspabi_srai_14              
0000ced0  __mspabi_srai_13              
0000ced2  __mspabi_srai_12              
0000ced4  __mspabi_srai_11              
0000ced6  __mspabi_srai_10              
0000ced8  __mspabi_srai_9               
0000ceda  __mspabi_srai_8               
0000cedc  __mspabi_srai_7               
0000cede  __mspabi_srai_6               
0000cee0  __mspabi_srai_5               
0000cee2  __mspabi_srai_4               
0000cee4  __mspabi_srai_3               
0000cee6  __mspabi_srai_2               
0000cee8  __mspabi_srai_1               
0000ceec  __mspabi_divi                 
0000ceec  __mspabi_remi                 
0000cf18  __mspabi_slli                 
0000cf24  __mspabi_slli_15              
0000cf26  __mspabi_slli_14              
0000cf28  __mspabi_slli_13              
0000cf2a  __mspabi_slli_12              
0000cf2c  __mspabi_slli_11              
0000cf2e  __mspabi_slli_10              
0000cf30  __mspabi_slli_9               
0000cf32  __mspabi_slli_8               
0000cf34  __mspabi_slli_7               
0000cf36  __mspabi_slli_6               
0000cf38  __mspabi_slli_5               
0000cf3a  __mspabi_slli_4               
0000cf3c  __mspabi_slli_3               
0000cf3e  __mspabi_slli_2               
0000cf40  __mspabi_slli_1               
0000cf44  TIMER0_A0                     
0000cf6c  TIMER1_A1                     
0000cf94  Start                         
0000cfba  Stop                          
0000cfe0  main                          
0000d006  PORT1_ISR                     
0000d02a  __mspabi_fltuf                
0000d04e  I2C_Init                      
0000d06c  LCD_DisplaySeg                
0000d08a  _c_int00_noargs               
0000d0a6  TCA6416_Tx_Frame              
0000d0be  GPIO_init                     
0000d0d4  LCD_Clear                     
0000d0ea  __mspabi_divu                 
0000d0ea  __mspabi_remu                 
0000d100  __TI_zero_init_nomemset       
0000d114  memset                        
0000d128  __TI_decompress_none          
0000d13a  memcpy                        
0000d14c  __mspabi_func_epilog_7        
0000d14e  __mspabi_func_epilog_6        
0000d150  __mspabi_func_epilog_5        
0000d152  __mspabi_func_epilog_4        
0000d154  __mspabi_func_epilog_3        
0000d156  __mspabi_func_epilog_2        
0000d158  __mspabi_func_epilog_1        
0000d15c  Timer0_init                   
0000d16a  Timer1_ISR                    
0000d174  Timer1_init                   
0000d17c  __TI_ISR_TRAP                 
0000d184  Timer0_ISR                    
0000d18a  Timer1_stop                   
0000d190  C$$EXIT                       
0000d190  abort                         
0000d196  _system_pre_init              
0000d19a  I2C_Tx_Init                   
0000d19c  _system_post_cinit            
0000d1ae  __TI_Handler_Table_Base       
0000d1b4  __TI_Handler_Table_Limit      
0000d1b8  __TI_CINIT_Base               
0000d1c0  __TI_CINIT_Limit              
0000ffe0  __TI_int00                    
0000ffe4  __TI_int02                    
0000ffe6  __TI_int03                    
0000ffea  __TI_int05                    
0000ffec  __TI_int06                    
0000ffee  __TI_int07                    
0000fff0  __TI_int08                    
0000fff2  __TI_int09                    
0000fff4  __TI_int10                    
0000fff6  __TI_int11                    
0000fff8  __TI_int12                    
0000fffa  __TI_int13                    
0000fffc  __TI_int14                    
0000fffe  _reset_vector                 
ffffffff  __TI_pprof_out_hndl           
ffffffff  __TI_prof_data_size           
ffffffff  __TI_prof_data_start          
ffffffff  __c_args__                    

[237 symbols]
